// Jest Snapshot v1, https://goo.gl/fbAQLP

exports[`ApacheLogFileParser WHEN multi line match PARSE all lines 1`] = `
[
  {
    "Request": {
      "method": "GET",
      "protocol": "HTTP/1.1",
      "uri": "/intranet-analytics/",
    },
    "accessTime": Date { NaN },
    "agent": "Mozilla/5.0 (X11; U; Linux x86_64; fr-FR) AppleWebKit/534.7 (KHTML, like Gecko) Epiphany/2.30.6 Safari/534.7",
    "ip": "177.71.128.21",
    "remoteLogName": "-",
    "responseSize": 3574,
    "statusCode": 200,
    "user": "-",
  },
  {
    "Request": {
      "method": "GET",
      "protocol": "HTTP/1.1",
      "uri": "/intranet-analytics/",
    },
    "accessTime": Date { NaN },
    "agent": "Mozilla/5.0 (X11; U; Linux x86_64; fr-FR) AppleWebKit/534.7 (KHTML, like Gecko) Epiphany/2.30.6 Safari/534.7",
    "ip": "177.71.128.21",
    "remoteLogName": "-",
    "responseSize": 3574,
    "statusCode": 200,
    "user": "-",
  },
]
`;

exports[`ApacheLogLineParser WHEN line match PARSE line 1`] = `
{
  "Request": {
    "method": "GET",
    "protocol": "HTTP/1.1",
    "uri": "/intranet-analytics/",
  },
  "accessTime": Date { NaN },
  "agent": "Mozilla/5.0 (X11; U; Linux x86_64; fr-FR) AppleWebKit/534.7 (KHTML, like Gecko) Epiphany/2.30.6 Safari/534.7",
  "ip": "177.71.128.21",
  "remoteLogName": "-",
  "responseSize": 3574,
  "statusCode": 200,
  "user": "-",
}
`;
